%!Adobe-FontList 1.22
%Locale:0x413

%BeginFont
Handler:DirectoryHandler
FontType:Type1
FontName:FuturaStd-Bold
FamilyName:Futura Std
StyleName:Bold
FullName:Futura Std Bold
MenuName:Futura Std Book
StyleBits:2
WritingScript:Roman
OutlineFileName:C:\Users\apens\Documents\GitHub\SnacklandMenu\files\Snackland Folder\Document fonts\FuturaStd-Bold.otf
DataFormat:sfntData
UsesStandardEncoding:yes
isCFF:yes
hasSVG:no
VariableFontType:NonVariableFont
FileLength:26900
FileModTime:1664992690
WeightClass:700
WidthClass:5
AngleClass:0
NameArray:0,Mac,4,Futura Std Bold
NameArray:0,Win,1,Futura Std Book
NameArray:0,Win,16,Futura Std
%EndFont

%BeginFont
Handler:DirectoryHandler
FontType:Type1
FontName:FuturaStd-Book
FamilyName:Futura Std
StyleName:Book
FullName:Futura Std Book
MenuName:Futura Std Book
StyleBits:0
WritingScript:Roman
OutlineFileName:C:\Users\apens\Documents\GitHub\SnacklandMenu\files\Snackland Folder\Document fonts\FuturaStd-Book.otf
DataFormat:sfntData
UsesStandardEncoding:yes
isCFF:yes
hasSVG:no
VariableFontType:NonVariableFont
FileLength:25708
FileModTime:1664992690
WeightClass:400
WidthClass:5
AngleClass:0
NameArray:0,Mac,4,Futura Std Book
NameArray:0,Win,1,Futura Std Book
NameArray:0,Win,16,Futura Std
%EndFont

%BeginFont
Handler:DirectoryHandler
FontType:Type1
FontName:FuturaStd-BookOblique
FamilyName:Futura Std
StyleName:Book Oblique
FullName:Futura Std Book Oblique
MenuName:Futura Std Book
StyleBits:1
WritingScript:Roman
OutlineFileName:C:\Users\apens\Documents\GitHub\SnacklandMenu\files\Snackland Folder\Document fonts\FuturaStd-BookOblique.otf
DataFormat:sfntData
UsesStandardEncoding:yes
isCFF:yes
hasSVG:no
VariableFontType:NonVariableFont
FileLength:26984
FileModTime:1664992690
WeightClass:400
WidthClass:5
AngleClass:1
NameArray:0,Mac,4,Futura Std Book Oblique
NameArray:0,Win,1,Futura Std Book
NameArray:0,Win,16,Futura Std
%EndFont

%BeginFont
Handler:DirectoryHandler
FontType:Type1
FontName:FuturaStd-Heavy
FamilyName:Futura Std
StyleName:Heavy
FullName:Futura Std Heavy
MenuName:Futura Std Medium
StyleBits:2
WritingScript:Roman
OutlineFileName:C:\Users\apens\Documents\GitHub\SnacklandMenu\files\Snackland Folder\Document fonts\FuturaStd-Heavy.otf
DataFormat:sfntData
UsesStandardEncoding:yes
isCFF:yes
hasSVG:no
VariableFontType:NonVariableFont
FileLength:26380
FileModTime:1664992690
WeightClass:650
WidthClass:5
AngleClass:0
NameArray:0,Mac,4,Futura Std Heavy
NameArray:0,Win,1,Futura Std Medium
NameArray:0,Win,16,Futura Std
%EndFont

%BeginFont
Handler:DirectoryHandler
FontType:Type1
FontName:FuturaStd-HeavyOblique
FamilyName:Futura Std
StyleName:Heavy Oblique
FullName:Futura Std Heavy Oblique
MenuName:Futura Std Medium
StyleBits:3
WritingScript:Roman
OutlineFileName:C:\Users\apens\Documents\GitHub\SnacklandMenu\files\Snackland Folder\Document fonts\FuturaStd-HeavyOblique.otf
DataFormat:sfntData
UsesStandardEncoding:yes
isCFF:yes
hasSVG:no
VariableFontType:NonVariableFont
FileLength:27444
FileModTime:1664992690
WeightClass:650
WidthClass:5
AngleClass:1
NameArray:0,Mac,4,Futura Std Heavy Oblique
NameArray:0,Win,1,Futura Std Medium
NameArray:0,Win,16,Futura Std
%EndFont

%BeginFont
Handler:DirectoryHandler
FontType:Type1
FontName:FuturaStd-LightOblique
FamilyName:Futura Std
StyleName:Light Oblique
FullName:Futura Std Light Oblique
MenuName:Futura Std Light
StyleBits:1
WritingScript:Roman
OutlineFileName:C:\Users\apens\Documents\GitHub\SnacklandMenu\files\Snackland Folder\Document fonts\FuturaStd-LightOblique.otf
DataFormat:sfntData
UsesStandardEncoding:yes
isCFF:yes
hasSVG:no
VariableFontType:NonVariableFont
FileLength:27700
FileModTime:1664992690
WeightClass:300
WidthClass:5
AngleClass:1
NameArray:0,Mac,4,Futura Std Light Oblique
NameArray:0,Win,1,Futura Std Light
NameArray:0,Win,16,Futura Std
%EndFont

%BeginFont
Handler:DirectoryHandler
FontType:Type1
FontName:FuturaStd-Medium
FamilyName:Futura Std
StyleName:Medium
FullName:Futura Std Medium
MenuName:Futura Std Medium
StyleBits:0
WritingScript:Roman
OutlineFileName:C:\Users\apens\Documents\GitHub\SnacklandMenu\files\Snackland Folder\Document fonts\FuturaStd-Medium.otf
DataFormat:sfntData
UsesStandardEncoding:yes
isCFF:yes
hasSVG:no
VariableFontType:NonVariableFont
FileLength:25504
FileModTime:1664992690
WeightClass:500
WidthClass:5
AngleClass:0
NameArray:0,Mac,4,Futura Std Medium
NameArray:0,Win,1,Futura Std Medium
NameArray:0,Win,16,Futura Std
%EndFont

